// Jest Snapshot v1, https://goo.gl/fbAQLP

exports[`Render correctly: Invalid props 1`] = `
<View
  style={
    Object {
      "flex": 1,
      "margin": 10,
    }
  }
>
  <View
    style={
      Object {
        "flex": 0.9,
      }
    }
  >
    <RCTScrollView>
      <View>
        <Text
          accessible={true}
          allowFontScaling={true}
          ellipsizeMode="tail"
          style={
            Object {
              "color": "#000000",
              "fontSize": 25,
              "textAlign": "center",
            }
          }
        >
          Statistics
        </Text>
        <View
          style={
            Object {
              "marginTop": 20,
            }
          }
        />
        <Text
          accessible={true}
          allowFontScaling={true}
          ellipsizeMode="tail"
          style={
            Object {
              "color": "black",
              "fontSize": 18,
            }
          }
        >
          Classic
           - 
          All Difficulties
        </Text>
        <View
          style={
            Object {
              "marginTop": 5,
            }
          }
        />
        <View
          style={
            Object {
              "alignItems": "center",
              "justifyContent": "center",
            }
          }
        >
          <Text
            accessible={true}
            allowFontScaling={true}
            ellipsizeMode="tail"
          >
            No data available at the moment.
          </Text>
        </View>
        <View
          style={
            Object {
              "marginTop": 20,
            }
          }
        />
        <View
          style={
            Object {
              "backgroundColor": "grey",
              "height": 1,
              "marginHorizontal": 20,
              "marginVertical": 10,
            }
          }
        />
        <View
          style={
            Object {
              "marginTop": 20,
            }
          }
        />
        <Text
          accessible={true}
          allowFontScaling={true}
          ellipsizeMode="tail"
          style={
            Object {
              "color": "black",
              "fontSize": 18,
            }
          }
        >
          Lizard Spock
           - 
          All Difficulties
        </Text>
        <View
          style={
            Object {
              "marginTop": 5,
            }
          }
        />
        <View
          style={
            Object {
              "alignItems": "center",
              "justifyContent": "center",
            }
          }
        >
          <Text
            accessible={true}
            allowFontScaling={true}
            ellipsizeMode="tail"
          >
            No data available at the moment.
          </Text>
        </View>
      </View>
    </RCTScrollView>
  </View>
  <View
    style={
      Object {
        "flex": 0.1,
        "marginHorizontal": 10,
      }
    }
  >
    <View
      accessibilityComponentType="button"
      accessibilityLabel={undefined}
      accessibilityTraits={
        Array [
          "button",
        ]
      }
      accessible={true}
      collapsable={undefined}
      hasTVPreferredFocus={undefined}
      hitSlop={undefined}
      isTVSelectable={true}
      nativeID={undefined}
      onLayout={undefined}
      onResponderGrant={[Function]}
      onResponderMove={[Function]}
      onResponderRelease={[Function]}
      onResponderTerminate={[Function]}
      onResponderTerminationRequest={[Function]}
      onStartShouldSetResponder={[Function]}
      style={
        Object {
          "opacity": 1,
        }
      }
      testID={undefined}
      tvParallaxProperties={undefined}
    >
      <View
        style={
          Array [
            Object {},
          ]
        }
      >
        <Text
          accessible={true}
          allowFontScaling={true}
          disabled={undefined}
          ellipsizeMode="tail"
          style={
            Array [
              Object {
                "color": "#007AFF",
                "fontSize": 18,
                "padding": 8,
                "textAlign": "center",
              },
              Object {
                "color": "grey",
              },
            ]
          }
        >
          Back
        </Text>
      </View>
    </View>
  </View>
</View>
`;

exports[`Render correctly: No props 1`] = `
<View
  style={
    Object {
      "flex": 1,
      "margin": 10,
    }
  }
>
  <View
    style={
      Object {
        "flex": 0.9,
      }
    }
  >
    <RCTScrollView>
      <View>
        <Text
          accessible={true}
          allowFontScaling={true}
          ellipsizeMode="tail"
          style={
            Object {
              "color": "#000000",
              "fontSize": 25,
              "textAlign": "center",
            }
          }
        >
          Statistics
        </Text>
        <View
          style={
            Object {
              "marginTop": 20,
            }
          }
        />
        <Text
          accessible={true}
          allowFontScaling={true}
          ellipsizeMode="tail"
          style={
            Object {
              "color": "black",
              "fontSize": 18,
            }
          }
        >
          Classic
           - 
          All Difficulties
        </Text>
        <View
          style={
            Object {
              "marginTop": 5,
            }
          }
        />
        <View
          style={
            Object {
              "alignItems": "center",
              "justifyContent": "center",
            }
          }
        >
          <Text
            accessible={true}
            allowFontScaling={true}
            ellipsizeMode="tail"
          >
            No data available at the moment.
          </Text>
        </View>
        <View
          style={
            Object {
              "marginTop": 20,
            }
          }
        />
        <View
          style={
            Object {
              "backgroundColor": "grey",
              "height": 1,
              "marginHorizontal": 20,
              "marginVertical": 10,
            }
          }
        />
        <View
          style={
            Object {
              "marginTop": 20,
            }
          }
        />
        <Text
          accessible={true}
          allowFontScaling={true}
          ellipsizeMode="tail"
          style={
            Object {
              "color": "black",
              "fontSize": 18,
            }
          }
        >
          Lizard Spock
           - 
          All Difficulties
        </Text>
        <View
          style={
            Object {
              "marginTop": 5,
            }
          }
        />
        <View
          style={
            Object {
              "alignItems": "center",
              "justifyContent": "center",
            }
          }
        >
          <Text
            accessible={true}
            allowFontScaling={true}
            ellipsizeMode="tail"
          >
            No data available at the moment.
          </Text>
        </View>
      </View>
    </RCTScrollView>
  </View>
  <View
    style={
      Object {
        "flex": 0.1,
        "marginHorizontal": 10,
      }
    }
  >
    <View
      accessibilityComponentType="button"
      accessibilityLabel={undefined}
      accessibilityTraits={
        Array [
          "button",
        ]
      }
      accessible={true}
      collapsable={undefined}
      hasTVPreferredFocus={undefined}
      hitSlop={undefined}
      isTVSelectable={true}
      nativeID={undefined}
      onLayout={undefined}
      onResponderGrant={[Function]}
      onResponderMove={[Function]}
      onResponderRelease={[Function]}
      onResponderTerminate={[Function]}
      onResponderTerminationRequest={[Function]}
      onStartShouldSetResponder={[Function]}
      style={
        Object {
          "opacity": 1,
        }
      }
      testID={undefined}
      tvParallaxProperties={undefined}
    >
      <View
        style={
          Array [
            Object {},
          ]
        }
      >
        <Text
          accessible={true}
          allowFontScaling={true}
          disabled={undefined}
          ellipsizeMode="tail"
          style={
            Array [
              Object {
                "color": "#007AFF",
                "fontSize": 18,
                "padding": 8,
                "textAlign": "center",
              },
              Object {
                "color": "grey",
              },
            ]
          }
        >
          Back
        </Text>
      </View>
    </View>
  </View>
</View>
`;
